{smcl}
{com}{sf}{ul off}{txt}{.-}
      name:  {res}<unnamed>
       {txt}log:  {res}E:\16GBBACKUPUSB\BACKUP_USB_SEPTEMBER2014\May Baydoun_folder\UK_BIOBANK_PROJECT\UKB_PAPER9B_TDIPDDEMMORT\OUTPUT\DATA_MANAGEMENT5.smcl
  {txt}log type:  {res}smcl
 {txt}opened on:  {res} 2 Jun 2024, 18:37:06
{txt}
{com}. 
. 
. //STEP 16: DETERMINE FINAL ANALYTIC SAMPLE SIZE/////
. 
. 
. 
. use "E:\16GBBACKUPUSB\BACKUP_USB_SEPTEMBER2014\May Baydoun_folder\UK_BIOBANK_PROJECT\UKB_PAPER9B_TDIPDDEMMORT\DATA\UKB_PAPER9B_TDIPDDEMMORT",clear
{txt}
{com}. 
. 
. **Sample 1, excluding withdrawals**
. 
. capture drop sample1
{txt}
{com}. gen sample1=.
{txt}(502,409 missing values generated)

{com}. replace sample1=1 if baselineage~=. & withdrew==.
{txt}(502,160 real changes made)

{com}. replace sample1=0 if sample1~=1
{txt}(249 real changes made)

{com}. 
. tab sample1

    {txt}sample1 {c |}      Freq.     Percent        Cum.
{hline 12}{c +}{hline 35}
          0 {c |}{res}        249        0.05        0.05
{txt}          1 {c |}{res}    502,160       99.95      100.00
{txt}{hline 12}{c +}{hline 35}
      Total {c |}{res}    502,409      100.00
{txt}
{com}. 
. **Sample 2: >=50 y**
. 
. capture drop sample2
{txt}
{com}. gen sample2=.
{txt}(502,409 missing values generated)

{com}. replace sample2=1 if baselineage>=50 & baselineage~=. & sample1==1
{txt}(384,486 real changes made)

{com}. replace sample2=0 if sample2~=1 & sample1==1
{txt}(117,674 real changes made)

{com}. 
. tab sample2

    {txt}sample2 {c |}      Freq.     Percent        Cum.
{hline 12}{c +}{hline 35}
          0 {c |}{res}    117,674       23.43       23.43
{txt}          1 {c |}{res}    384,486       76.57      100.00
{txt}{hline 12}{c +}{hline 35}
      Total {c |}{res}    502,160      100.00
{txt}
{com}. 
. **Sample 3: exclude those with missing LE8 SCORES**
. 
. capture drop sample3
{txt}
{com}. gen sample3=.
{txt}(502,409 missing values generated)

{com}. replace sample3=1 if baselineage>=50 & baselineage~=. & LE8_TOTALSCORE~=. & townsend~=. & householdsize~=. & SES~=. & ethnicity2~=. & sample2==1
{txt}(364,637 real changes made)

{com}. replace sample3=0 if sample3~=1 & sample2==1
{txt}(19,849 real changes made)

{com}. 
. tab sample3

    {txt}sample3 {c |}      Freq.     Percent        Cum.
{hline 12}{c +}{hline 35}
          0 {c |}{res}     19,849        5.16        5.16
{txt}          1 {c |}{res}    364,637       94.84      100.00
{txt}{hline 12}{c +}{hline 35}
      Total {c |}{res}    384,486      100.00
{txt}
{com}. 
. 
. 
. **Sample 4: final sample: exclude prevalent dementia cases and incident dementia cases within a year**
. 
. stset Age_dementia, failure(dem_diag==1) enter(baselineage) id(n_eid) scale(1)

{txt}Survival-time data settings

{col 12}ID variable: {res}n_eid
{col 10}{txt}Failure event: {res}dem_diag==1
{col 1}{txt}Observed time interval: {res}(Age_dementia[_n-1], Age_dementia]
{col 6}{txt}Enter on or after: {res}time baselineage
{col 6}{txt}Exit on or before: {res}failure

{txt}{hline 74}
{res}    502,409{txt}  total observations
{res}         23{txt}  event time missing (Age_dementia>=.){col 61}PROBABLE ERROR
{res}        228{txt}  observations end on or before {bf:enter()}
{hline 74}
{res}    502,158{txt}  observations remaining, representing
{res}    502,158{txt}  subjects
{res}      7,668{txt}  failures in single-failure-per-subject data
{res}  6,208,727{txt}  total analysis time at risk and under observation
                                                At risk from t = {res}        0
                                     {txt}Earliest observed entry t = {res} 37.41821
                                          {txt}Last observed exit t = {res} 87.63313
{txt}
{com}. 
. 
. capture drop sample4
{txt}
{com}. gen sample4=.
{txt}(502,409 missing values generated)

{com}. replace sample4=1 if (sample3==1 & priordem==0 & _t~=.) | (sample3==1 & time01_1Ayearsdem>1 & time01_1Ayearsdem~=. & dem_diag==1 & _t~=.) 
{txt}(364,446 real changes made)

{com}. replace sample4=0 if sample4~=1 & sample3==1
{txt}(191 real changes made)

{com}. 
. 
. tab sample4

    {txt}sample4 {c |}      Freq.     Percent        Cum.
{hline 12}{c +}{hline 35}
          0 {c |}{res}        191        0.05        0.05
{txt}          1 {c |}{res}    364,446       99.95      100.00
{txt}{hline 12}{c +}{hline 35}
      Total {c |}{res}    364,637      100.00
{txt}
{com}. 
. **Sample 5: final sample: exclude prevalent PD cases and incident PD cases within a year**
. 
. stset Age_PD, failure(PD_diag==1) enter(baselineage) id(n_eid) scale(1)

{txt}Survival-time data settings

{col 12}ID variable: {res}n_eid
{col 10}{txt}Failure event: {res}PD_diag==1
{col 1}{txt}Observed time interval: {res}(Age_PD[_n-1], Age_PD]
{col 6}{txt}Enter on or after: {res}time baselineage
{col 6}{txt}Exit on or before: {res}failure

{txt}{hline 74}
{res}    502,409{txt}  total observations
{res}         23{txt}  event time missing (Age_PD>=.){col 61}PROBABLE ERROR
{res}        901{txt}  observations end on or before {bf:enter()}
{hline 74}
{res}    501,485{txt}  observations remaining, representing
{res}    501,485{txt}  subjects
{res}      2,906{txt}  failures in single-failure-per-subject data
{res}  6,209,394{txt}  total analysis time at risk and under observation
                                                At risk from t = {res}        0
                                     {txt}Earliest observed entry t = {res} 37.41821
                                          {txt}Last observed exit t = {res} 87.63313
{txt}
{com}. 
. 
. capture drop sample5
{txt}
{com}. gen sample5=.
{txt}(502,409 missing values generated)

{com}. replace sample5=1 if (sample4==1 & _t~=.) | (sample4==1 & time01_1AyearsPD>1 & time01_1AyearsPD~=. & PD_diag==1 & _t~=.) 
{txt}(363,663 real changes made)

{com}. replace sample5=0 if sample5~=1 & sample4==1
{txt}(783 real changes made)

{com}. 
. 
. tab sample5

    {txt}sample5 {c |}      Freq.     Percent        Cum.
{hline 12}{c +}{hline 35}
          0 {c |}{res}        783        0.21        0.21
{txt}          1 {c |}{res}    363,663       99.79      100.00
{txt}{hline 12}{c +}{hline 35}
      Total {c |}{res}    364,446      100.00
{txt}
{com}. 
. capture drop sample_final
{txt}
{com}. gen sample_final=sample5
{txt}(137,963 missing values generated)

{com}. 
. tab sample_final

{txt}sample_fina {c |}
          l {c |}      Freq.     Percent        Cum.
{hline 12}{c +}{hline 35}
          0 {c |}{res}        783        0.21        0.21
{txt}          1 {c |}{res}    363,663       99.79      100.00
{txt}{hline 12}{c +}{hline 35}
      Total {c |}{res}    364,446      100.00
{txt}
{com}. 
. stset Age_dementia if sample_final==1, failure(dem_diag==1) enter(baselineage) id(n_eid) scale(1)

{txt}Survival-time data settings

{col 12}ID variable: {res}n_eid
{col 10}{txt}Failure event: {res}dem_diag==1
{col 1}{txt}Observed time interval: {res}(Age_dementia[_n-1], Age_dementia]
{col 6}{txt}Enter on or after: {res}time baselineage
{col 6}{txt}Exit on or before: {res}failure
{col 7}{txt}Keep observations 
{col 17}{help j_st_ifvsoptif:{bf:if} {it:exp}}: {res}sample_final==1

{txt}{hline 74}
{res}    502,409{txt}  total observations
{res}    138,746{txt}  ignored at outset because of {bf:if} {it:exp}
{hline 74}
{res}    363,663{txt}  observations remaining, representing
{res}    363,663{txt}  subjects
{res}      6,326{txt}  failures in single-failure-per-subject data
{res}  4,464,960{txt}  total analysis time at risk and under observation
                                                At risk from t = {res}        0
                                     {txt}Earliest observed entry t = {res} 50.00137
                                          {txt}Last observed exit t = {res} 87.63313
{txt}
{com}. stdescribe if sample_final==1

{col 10}{txt}Failure {bf:_d}: {res}dem_diag==1
{col 4}{txt}Analysis time {bf:_t}: {res}Age_dementia
{col 3}{txt}Enter on or after: {res}time baselineage
{col 9}{txt}ID variable: {res}n_eid

{txt}{col 36}{c LT}{hline 14} Per subject {hline 14}{c RT}
Category{col 28}Total{col 41}Mean{col 54}Min{col 62}Median{col 76}Max
{hline 78}
Number of subjects    {res}    363663   
{txt}Number of records     {res}    363663           1           1          1          1

{txt}Entry time (first)                 {res} 60.42263    50.00137   60.84873   73.69199
{txt}Exit time (final)                  {res} 72.70037    50.50513   73.12799   87.63313

{txt}Subjects with gap     {res}         0   
{txt}Time on gap           {res}         0           .           .          .          .
{txt}Time at risk          {res} 4464960.4    12.27774    .0136909   12.61602   15.63587

{txt}Failures              {res}      6326    .0173952           0          0          1
{txt}{hline 78}

{com}. 
. stset Age_PD if sample_final==1, failure(PD_diag==1) enter(baselineage) id(n_eid) scale(1)

{txt}Survival-time data settings

{col 12}ID variable: {res}n_eid
{col 10}{txt}Failure event: {res}PD_diag==1
{col 1}{txt}Observed time interval: {res}(Age_PD[_n-1], Age_PD]
{col 6}{txt}Enter on or after: {res}time baselineage
{col 6}{txt}Exit on or before: {res}failure
{col 7}{txt}Keep observations 
{col 17}{help j_st_ifvsoptif:{bf:if} {it:exp}}: {res}sample_final==1

{txt}{hline 74}
{res}    502,409{txt}  total observations
{res}    138,746{txt}  ignored at outset because of {bf:if} {it:exp}
{hline 74}
{res}    363,663{txt}  observations remaining, representing
{res}    363,663{txt}  subjects
{res}      2,586{txt}  failures in single-failure-per-subject data
{res}  4,470,856{txt}  total analysis time at risk and under observation
                                                At risk from t = {res}        0
                                     {txt}Earliest observed entry t = {res} 50.00137
                                          {txt}Last observed exit t = {res} 87.63313
{txt}
{com}. stdescribe if sample_final==1

{col 10}{txt}Failure {bf:_d}: {res}PD_diag==1
{col 4}{txt}Analysis time {bf:_t}: {res}Age_PD
{col 3}{txt}Enter on or after: {res}time baselineage
{col 9}{txt}ID variable: {res}n_eid

{txt}{col 36}{c LT}{hline 14} Per subject {hline 14}{c RT}
Category{col 28}Total{col 41}Mean{col 54}Min{col 62}Median{col 76}Max
{hline 78}
Number of subjects    {res}    363663   
{txt}Number of records     {res}    363663           1           1          1          1

{txt}Entry time (first)                 {res} 60.42263    50.00137   60.84873   73.69199
{txt}Exit time (final)                  {res} 72.71658    50.50513   73.12799   87.63313

{txt}Subjects with gap     {res}         0   
{txt}Time on gap           {res}         0           .           .          .          .
{txt}Time at risk          {res} 4470856.3    12.29395     .002739   12.62149   15.63587

{txt}Failures              {res}      2586     .007111           0          0          1
{txt}{hline 78}

{com}. 
. stset Age_death if sample_final==1, failure(died==1) enter(baselineage) id(n_eid) scale(1)

{txt}Survival-time data settings

{col 12}ID variable: {res}n_eid
{col 10}{txt}Failure event: {res}died==1
{col 1}{txt}Observed time interval: {res}(Age_death[_n-1], Age_death]
{col 6}{txt}Enter on or after: {res}time baselineage
{col 6}{txt}Exit on or before: {res}failure
{col 7}{txt}Keep observations 
{col 17}{help j_st_ifvsoptif:{bf:if} {it:exp}}: {res}sample_final==1

{txt}{hline 74}
{res}    502,409{txt}  total observations
{res}    138,746{txt}  ignored at outset because of {bf:if} {it:exp}
{hline 74}
{res}    363,663{txt}  observations remaining, representing
{res}    363,663{txt}  subjects
{res}     31,785{txt}  failures in single-failure-per-subject data
{res}  4,479,161{txt}  total analysis time at risk and under observation
                                                At risk from t = {res}        0
                                     {txt}Earliest observed entry t = {res} 50.00137
                                          {txt}Last observed exit t = {res} 87.63313
{txt}
{com}. stdescribe if sample_final==1

{col 10}{txt}Failure {bf:_d}: {res}died==1
{col 4}{txt}Analysis time {bf:_t}: {res}Age_death
{col 3}{txt}Enter on or after: {res}time baselineage
{col 9}{txt}ID variable: {res}n_eid

{txt}{col 36}{c LT}{hline 14} Per subject {hline 14}{c RT}
Category{col 28}Total{col 41}Mean{col 54}Min{col 62}Median{col 76}Max
{hline 78}
Number of subjects    {res}    363663   
{txt}Number of records     {res}    363663           1           1          1          1

{txt}Entry time (first)                 {res} 60.42263    50.00137   60.84873   73.69199
{txt}Exit time (final)                  {res} 72.73942    50.50513     73.128   87.63313

{txt}Subjects with gap     {res}         0   
{txt}Time on gap           {res}         0           .           .          .          .
{txt}Time at risk          {res} 4479161.4    12.31679    .0136909   12.62423   15.63587

{txt}Failures              {res}     31785    .0874023           0          0          1
{txt}{hline 78}

{com}. 
. 
. save, replace
{txt}{p 0 4 2}
file {bf}
E:\16GBBACKUPUSB\BACKUP_USB_SEPTEMBER2014\May Baydoun_folder\UK_BIOBANK_PROJECT\UKB_PAPER9B_TDIPDDEMMORT\DATA\UKB_PAPER9B_TDIPDDEMMORT.dta{rm}
saved
{p_end}

{com}. 
. 
. //STEP 17: stset for dementia and PD incidence and estimate median age and percentiles, plus incidence rates across sex and racial groups//
. 
. use "E:\16GBBACKUPUSB\BACKUP_USB_SEPTEMBER2014\May Baydoun_folder\UK_BIOBANK_PROJECT\UKB_PAPER9B_TDIPDDEMMORT\DATA\UKB_PAPER9B_TDIPDDEMMORT",clear
{txt}
{com}. 
. save, replace
{txt}{p 0 4 2}
file {bf}
E:\16GBBACKUPUSB\BACKUP_USB_SEPTEMBER2014\May Baydoun_folder\UK_BIOBANK_PROJECT\UKB_PAPER9B_TDIPDDEMMORT\DATA\UKB_PAPER9B_TDIPDDEMMORT.dta{rm}
saved
{p_end}

{com}. 
. 
. **************RACE_ETHN****************************
. capture drop RACE_ETHN
{txt}
{com}. gen RACE_ETHN=ethnicity2
{txt}
{com}. 
. save, replace
{txt}{p 0 4 2}
file {bf}
E:\16GBBACKUPUSB\BACKUP_USB_SEPTEMBER2014\May Baydoun_folder\UK_BIOBANK_PROJECT\UKB_PAPER9B_TDIPDDEMMORT\DATA\UKB_PAPER9B_TDIPDDEMMORT.dta{rm}
saved
{p_end}

{com}. 
. 
. *************stsum code******************************
. 
. 
. 
. **DEMENTIA INCIDENCE**
. 
. stset Age_dementia, failure(dem_diag==1) enter(baselineage) id(n_eid) scale(1)

{txt}Survival-time data settings

{col 12}ID variable: {res}n_eid
{col 10}{txt}Failure event: {res}dem_diag==1
{col 1}{txt}Observed time interval: {res}(Age_dementia[_n-1], Age_dementia]
{col 6}{txt}Enter on or after: {res}time baselineage
{col 6}{txt}Exit on or before: {res}failure

{txt}{hline 74}
{res}    502,409{txt}  total observations
{res}         23{txt}  event time missing (Age_dementia>=.){col 61}PROBABLE ERROR
{res}        228{txt}  observations end on or before {bf:enter()}
{hline 74}
{res}    502,158{txt}  observations remaining, representing
{res}    502,158{txt}  subjects
{res}      7,668{txt}  failures in single-failure-per-subject data
{res}  6,208,727{txt}  total analysis time at risk and under observation
                                                At risk from t = {res}        0
                                     {txt}Earliest observed entry t = {res} 37.41821
                                          {txt}Last observed exit t = {res} 87.63313
{txt}
{com}. 
. 
. stsum if sample_final==1

{col 10}{txt}Failure {bf:_d}: {res}dem_diag==1
{col 4}{txt}Analysis time {bf:_t}: {res}Age_dementia
{col 3}{txt}Enter on or after: {res}time baselineage
{col 9}{txt}ID variable: {res}n_eid

{txt}{col 10}{c |}{col 26}Incidence{col 40}Number of{col 52}{c LT}{hline 6} Survival time {hline 5}{c RT}
        {col 10}{c |} Time at risk{col 31}rate{col 41}subjects{col 57}25%{col 67}50%{col 77}75%
{hline 9}{c +}{hline 69}
   Total {c |} {res} 4,464,960.4   .0014168{col 40}   363663          .         .         .
{txt}
{com}. stsum if sample_final==1  & RACE_ETHN==0

{col 10}{txt}Failure {bf:_d}: {res}dem_diag==1
{col 4}{txt}Analysis time {bf:_t}: {res}Age_dementia
{col 3}{txt}Enter on or after: {res}time baselineage
{col 9}{txt}ID variable: {res}n_eid

{txt}{col 10}{c |}{col 26}Incidence{col 40}Number of{col 52}{c LT}{hline 6} Survival time {hline 5}{c RT}
        {col 10}{c |} Time at risk{col 31}rate{col 41}subjects{col 57}25%{col 67}50%{col 77}75%
{hline 9}{c +}{hline 69}
   Total {c |} {res} 4,278,978.9   .0014202{col 40}   348193          .         .         .
{txt}
{com}. stsum if sample_final==1  & RACE_ETHN==1 | RACE_ETHN==2 | RACE_ETHN==3

{col 10}{txt}Failure {bf:_d}: {res}dem_diag==1
{col 4}{txt}Analysis time {bf:_t}: {res}Age_dementia
{col 3}{txt}Enter on or after: {res}time baselineage
{col 9}{txt}ID variable: {res}n_eid

{txt}{col 10}{c |}{col 26}Incidence{col 40}Number of{col 52}{c LT}{hline 6} Survival time {hline 5}{c RT}
        {col 10}{c |} Time at risk{col 31}rate{col 41}subjects{col 57}25%{col 67}50%{col 77}75%
{hline 9}{c +}{hline 69}
   Total {c |} {res}  312,001.52   .0010449{col 40}    25688          .         .         .
{txt}
{com}. stsum if sample_final==1 & sex==1

{col 10}{txt}Failure {bf:_d}: {res}dem_diag==1
{col 4}{txt}Analysis time {bf:_t}: {res}Age_dementia
{col 3}{txt}Enter on or after: {res}time baselineage
{col 9}{txt}ID variable: {res}n_eid

{txt}{col 10}{c |}{col 26}Incidence{col 40}Number of{col 52}{c LT}{hline 6} Survival time {hline 5}{c RT}
        {col 10}{c |} Time at risk{col 31}rate{col 41}subjects{col 57}25%{col 67}50%{col 77}75%
{hline 9}{c +}{hline 69}
   Total {c |} {res} 2,041,752.5   .0016525{col 40}   168191          .         .         .
{txt}
{com}. stsum if sample_final==1 & sex==2

{col 10}{txt}Failure {bf:_d}: {res}dem_diag==1
{col 4}{txt}Analysis time {bf:_t}: {res}Age_dementia
{col 3}{txt}Enter on or after: {res}time baselineage
{col 9}{txt}ID variable: {res}n_eid

{txt}{col 10}{c |}{col 26}Incidence{col 40}Number of{col 52}{c LT}{hline 6} Survival time {hline 5}{c RT}
        {col 10}{c |} Time at risk{col 31}rate{col 41}subjects{col 57}25%{col 67}50%{col 77}75%
{hline 9}{c +}{hline 69}
   Total {c |} {res}   2,423,208   .0012182{col 40}   195472          .         .         .
{txt}
{com}. 
. stptime if sample_final==1

{col 10}{txt}Failure {bf:_d}: {res}dem_diag==1
{col 4}{txt}Analysis time {bf:_t}: {res}Age_dementia
{col 3}{txt}Enter on or after: {res}time baselineage
{col 9}{txt}ID variable: {res}n_eid

{txt}Estimated person-time and incidence rate

    Cohort{col 12}{c |}{col 15}Person-time{col 29}Failures{col 45}Rate{col 52}[95% conf. interval]
{hline 11}{c +}{hline 59}
     Total{col 12}{c |}{col 16}{res} 4464960.4{col 29}    6326{col 39} .00141681{col 51} .0013823{col 63} .0014522
{txt}
{com}. stptime if sample_final==1  & RACE_ETHN==0

{col 10}{txt}Failure {bf:_d}: {res}dem_diag==1
{col 4}{txt}Analysis time {bf:_t}: {res}Age_dementia
{col 3}{txt}Enter on or after: {res}time baselineage
{col 9}{txt}ID variable: {res}n_eid

{txt}Estimated person-time and incidence rate

    Cohort{col 12}{c |}{col 15}Person-time{col 29}Failures{col 45}Rate{col 52}[95% conf. interval]
{hline 11}{c +}{hline 59}
     Total{col 12}{c |}{col 16}{res} 4278978.9{col 29}    6077{col 39}  .0014202{col 51} .0013849{col 63} .0014564
{txt}
{com}. stptime if sample_final==1  & RACE_ETHN==1 | RACE_ETHN==2 | RACE_ETHN==3

{col 10}{txt}Failure {bf:_d}: {res}dem_diag==1
{col 4}{txt}Analysis time {bf:_t}: {res}Age_dementia
{col 3}{txt}Enter on or after: {res}time baselineage
{col 9}{txt}ID variable: {res}n_eid

{txt}Estimated person-time and incidence rate

    Cohort{col 12}{c |}{col 15}Person-time{col 29}Failures{col 45}Rate{col 52}[95% conf. interval]
{hline 11}{c +}{hline 59}
     Total{col 12}{c |}{col 16}{res} 312001.52{col 29}     326{col 39} .00104487{col 51} .0009374{col 63} .0011647
{txt}
{com}. 
. stptime if sample_final==1 & sex==1

{col 10}{txt}Failure {bf:_d}: {res}dem_diag==1
{col 4}{txt}Analysis time {bf:_t}: {res}Age_dementia
{col 3}{txt}Enter on or after: {res}time baselineage
{col 9}{txt}ID variable: {res}n_eid

{txt}Estimated person-time and incidence rate

    Cohort{col 12}{c |}{col 15}Person-time{col 29}Failures{col 45}Rate{col 52}[95% conf. interval]
{hline 11}{c +}{hline 59}
     Total{col 12}{c |}{col 16}{res} 2041752.5{col 29}    3374{col 39}  .0016525{col 51} .0015977{col 63} .0017092
{txt}
{com}. stptime if sample_final==1 & sex==2

{col 10}{txt}Failure {bf:_d}: {res}dem_diag==1
{col 4}{txt}Analysis time {bf:_t}: {res}Age_dementia
{col 3}{txt}Enter on or after: {res}time baselineage
{col 9}{txt}ID variable: {res}n_eid

{txt}Estimated person-time and incidence rate

    Cohort{col 12}{c |}{col 15}Person-time{col 29}Failures{col 45}Rate{col 52}[95% conf. interval]
{hline 11}{c +}{hline 59}
     Total{col 12}{c |}{col 16}{res}   2423208{col 29}    2952{col 39} .00121822{col 51} .0011751{col 63}  .001263
{txt}
{com}. 
. capture drop NoneWhite
{txt}
{com}. gen NoneWhite=.
{txt}(502,409 missing values generated)

{com}. replace NoneWhite=1 if RACE_ETHN==1 | RACE_ETHN==2 | RACE_ETHN==3
{txt}(29,818 real changes made)

{com}. replace NoneWhite=0 if RACE_ETHN==0
{txt}(472,591 real changes made)

{com}. 
. 
. 
. save, replace
{txt}{p 0 4 2}
file {bf}
E:\16GBBACKUPUSB\BACKUP_USB_SEPTEMBER2014\May Baydoun_folder\UK_BIOBANK_PROJECT\UKB_PAPER9B_TDIPDDEMMORT\DATA\UKB_PAPER9B_TDIPDDEMMORT.dta{rm}
saved
{p_end}

{com}. 
. **PARKINSON'S DISEASE**
. 
. stset Age_PD, failure(PD_diag==1) enter(baselineage) id(n_eid) scale(1)

{txt}Survival-time data settings

{col 12}ID variable: {res}n_eid
{col 10}{txt}Failure event: {res}PD_diag==1
{col 1}{txt}Observed time interval: {res}(Age_PD[_n-1], Age_PD]
{col 6}{txt}Enter on or after: {res}time baselineage
{col 6}{txt}Exit on or before: {res}failure

{txt}{hline 74}
{res}    502,409{txt}  total observations
{res}         23{txt}  event time missing (Age_PD>=.){col 61}PROBABLE ERROR
{res}        901{txt}  observations end on or before {bf:enter()}
{hline 74}
{res}    501,485{txt}  observations remaining, representing
{res}    501,485{txt}  subjects
{res}      2,906{txt}  failures in single-failure-per-subject data
{res}  6,209,394{txt}  total analysis time at risk and under observation
                                                At risk from t = {res}        0
                                     {txt}Earliest observed entry t = {res} 37.41821
                                          {txt}Last observed exit t = {res} 87.63313
{txt}
{com}. 
. 
. stsum if sample_final==1

{col 10}{txt}Failure {bf:_d}: {res}PD_diag==1
{col 4}{txt}Analysis time {bf:_t}: {res}Age_PD
{col 3}{txt}Enter on or after: {res}time baselineage
{col 9}{txt}ID variable: {res}n_eid

{txt}{col 10}{c |}{col 26}Incidence{col 40}Number of{col 52}{c LT}{hline 6} Survival time {hline 5}{c RT}
        {col 10}{c |} Time at risk{col 31}rate{col 41}subjects{col 57}25%{col 67}50%{col 77}75%
{hline 9}{c +}{hline 69}
   Total {c |} {res} 4,470,856.3   .0005784{col 40}   363663          .         .         .
{txt}
{com}. stsum if sample_final==1  & RACE_ETHN==0

{col 10}{txt}Failure {bf:_d}: {res}PD_diag==1
{col 4}{txt}Analysis time {bf:_t}: {res}Age_PD
{col 3}{txt}Enter on or after: {res}time baselineage
{col 9}{txt}ID variable: {res}n_eid

{txt}{col 10}{c |}{col 26}Incidence{col 40}Number of{col 52}{c LT}{hline 6} Survival time {hline 5}{c RT}
        {col 10}{c |} Time at risk{col 31}rate{col 41}subjects{col 57}25%{col 67}50%{col 77}75%
{hline 9}{c +}{hline 69}
   Total {c |} {res} 4,284,553.9   .0005814{col 40}   348193          .         .         .
{txt}
{com}. stsum if sample_final==1  & RACE_ETHN==1 | RACE_ETHN==2 | RACE_ETHN==3

{col 10}{txt}Failure {bf:_d}: {res}PD_diag==1
{col 4}{txt}Analysis time {bf:_t}: {res}Age_PD
{col 3}{txt}Enter on or after: {res}time baselineage
{col 9}{txt}ID variable: {res}n_eid

{txt}{col 10}{c |}{col 26}Incidence{col 40}Number of{col 52}{c LT}{hline 6} Survival time {hline 5}{c RT}
        {col 10}{c |} Time at risk{col 31}rate{col 41}subjects{col 57}25%{col 67}50%{col 77}75%
{hline 9}{c +}{hline 69}
   Total {c |} {res} 312,240.291   .0003875{col 40}    25669          .         .         .
{txt}
{com}. stsum if sample_final==1 & sex==1

{col 10}{txt}Failure {bf:_d}: {res}PD_diag==1
{col 4}{txt}Analysis time {bf:_t}: {res}Age_PD
{col 3}{txt}Enter on or after: {res}time baselineage
{col 9}{txt}ID variable: {res}n_eid

{txt}{col 10}{c |}{col 26}Incidence{col 40}Number of{col 52}{c LT}{hline 6} Survival time {hline 5}{c RT}
        {col 10}{c |} Time at risk{col 31}rate{col 41}subjects{col 57}25%{col 67}50%{col 77}75%
{hline 9}{c +}{hline 69}
   Total {c |} {res} 2,044,021.6   .0008058{col 40}   168191          .         .         .
{txt}
{com}. stsum if sample_final==1 & sex==2

{col 10}{txt}Failure {bf:_d}: {res}PD_diag==1
{col 4}{txt}Analysis time {bf:_t}: {res}Age_PD
{col 3}{txt}Enter on or after: {res}time baselineage
{col 9}{txt}ID variable: {res}n_eid

{txt}{col 10}{c |}{col 26}Incidence{col 40}Number of{col 52}{c LT}{hline 6} Survival time {hline 5}{c RT}
        {col 10}{c |} Time at risk{col 31}rate{col 41}subjects{col 57}25%{col 67}50%{col 77}75%
{hline 9}{c +}{hline 69}
   Total {c |} {res} 2,426,834.7   .0003869{col 40}   195472          .         .         .
{txt}
{com}. 
. stptime if sample_final==1

{col 10}{txt}Failure {bf:_d}: {res}PD_diag==1
{col 4}{txt}Analysis time {bf:_t}: {res}Age_PD
{col 3}{txt}Enter on or after: {res}time baselineage
{col 9}{txt}ID variable: {res}n_eid

{txt}Estimated person-time and incidence rate

    Cohort{col 12}{c |}{col 15}Person-time{col 29}Failures{col 45}Rate{col 52}[95% conf. interval]
{hline 11}{c +}{hline 59}
     Total{col 12}{c |}{col 16}{res} 4470856.3{col 29}    2586{col 39} .00057841{col 51} .0005565{col 63} .0006011
{txt}
{com}. stptime if sample_final==1  & RACE_ETHN==0

{col 10}{txt}Failure {bf:_d}: {res}PD_diag==1
{col 4}{txt}Analysis time {bf:_t}: {res}Age_PD
{col 3}{txt}Enter on or after: {res}time baselineage
{col 9}{txt}ID variable: {res}n_eid

{txt}Estimated person-time and incidence rate

    Cohort{col 12}{c |}{col 15}Person-time{col 29}Failures{col 45}Rate{col 52}[95% conf. interval]
{hline 11}{c +}{hline 59}
     Total{col 12}{c |}{col 16}{res} 4284553.9{col 29}    2491{col 39} .00058139{col 51}  .000559{col 63} .0006047
{txt}
{com}. stptime if sample_final==1  & RACE_ETHN==1 | RACE_ETHN==2 | RACE_ETHN==3

{col 10}{txt}Failure {bf:_d}: {res}PD_diag==1
{col 4}{txt}Analysis time {bf:_t}: {res}Age_PD
{col 3}{txt}Enter on or after: {res}time baselineage
{col 9}{txt}ID variable: {res}n_eid

{txt}Estimated person-time and incidence rate

    Cohort{col 12}{c |}{col 15}Person-time{col 29}Failures{col 45}Rate{col 52}[95% conf. interval]
{hline 11}{c +}{hline 59}
     Total{col 12}{c |}{col 16}{res} 312240.29{col 29}     121{col 39} .00038752{col 51} .0003243{col 63} .0004631
{txt}
{com}. 
. stptime if sample_final==1 & sex==1

{col 10}{txt}Failure {bf:_d}: {res}PD_diag==1
{col 4}{txt}Analysis time {bf:_t}: {res}Age_PD
{col 3}{txt}Enter on or after: {res}time baselineage
{col 9}{txt}ID variable: {res}n_eid

{txt}Estimated person-time and incidence rate

    Cohort{col 12}{c |}{col 15}Person-time{col 29}Failures{col 45}Rate{col 52}[95% conf. interval]
{hline 11}{c +}{hline 59}
     Total{col 12}{c |}{col 16}{res} 2044021.6{col 29}    1647{col 39} .00080576{col 51} .0007678{col 63} .0008456
{txt}
{com}. stptime if sample_final==1 & sex==2

{col 10}{txt}Failure {bf:_d}: {res}PD_diag==1
{col 4}{txt}Analysis time {bf:_t}: {res}Age_PD
{col 3}{txt}Enter on or after: {res}time baselineage
{col 9}{txt}ID variable: {res}n_eid

{txt}Estimated person-time and incidence rate

    Cohort{col 12}{c |}{col 15}Person-time{col 29}Failures{col 45}Rate{col 52}[95% conf. interval]
{hline 11}{c +}{hline 59}
     Total{col 12}{c |}{col 16}{res} 2426834.7{col 29}     939{col 39} .00038692{col 51}  .000363{col 63} .0004125
{txt}
{com}. 
. **MORTALITY**
. 
. stset Age_death, failure(died==1) enter(baselineage) id(n_eid) scale(1)

{txt}Survival-time data settings

{col 12}ID variable: {res}n_eid
{col 10}{txt}Failure event: {res}died==1
{col 1}{txt}Observed time interval: {res}(Age_death[_n-1], Age_death]
{col 6}{txt}Enter on or after: {res}time baselineage
{col 6}{txt}Exit on or before: {res}failure

{txt}{hline 74}
{res}    502,409{txt}  total observations
{res}         23{txt}  event time missing (Age_death>=.){col 61}PROBABLE ERROR
{hline 74}
{res}    502,386{txt}  observations remaining, representing
{res}    502,386{txt}  subjects
{res}     37,897{txt}  failures in single-failure-per-subject data
{res}  6,228,594{txt}  total analysis time at risk and under observation
                                                At risk from t = {res}        0
                                     {txt}Earliest observed entry t = {res} 37.41821
                                          {txt}Last observed exit t = {res} 87.63313
{txt}
{com}. 
. 
. stsum if sample_final==1

{col 10}{txt}Failure {bf:_d}: {res}died==1
{col 4}{txt}Analysis time {bf:_t}: {res}Age_death
{col 3}{txt}Enter on or after: {res}time baselineage
{col 9}{txt}ID variable: {res}n_eid

{txt}{col 10}{c |}{col 26}Incidence{col 40}Number of{col 52}{c LT}{hline 6} Survival time {hline 5}{c RT}
        {col 10}{c |} Time at risk{col 31}rate{col 41}subjects{col 57}25%{col 67}50%{col 77}75%
{hline 9}{c +}{hline 69}
   Total {c |} {res} 4,479,161.4   .0070962{col 40}   363663   82.19028         .         .
{txt}
{com}. stsum if sample_final==1  & RACE_ETHN==0

{col 10}{txt}Failure {bf:_d}: {res}died==1
{col 4}{txt}Analysis time {bf:_t}: {res}Age_death
{col 3}{txt}Enter on or after: {res}time baselineage
{col 9}{txt}ID variable: {res}n_eid

{txt}{col 10}{c |}{col 26}Incidence{col 40}Number of{col 52}{c LT}{hline 6} Survival time {hline 5}{c RT}
        {col 10}{c |} Time at risk{col 31}rate{col 41}subjects{col 57}25%{col 67}50%{col 77}75%
{hline 9}{c +}{hline 69}
   Total {c |} {res}   4,292,558   .0071528{col 40}   348193   82.17385         .         .
{txt}
{com}. stsum if sample_final==1  & RACE_ETHN==1 | RACE_ETHN==2 | RACE_ETHN==3

{col 10}{txt}Failure {bf:_d}: {res}died==1
{col 4}{txt}Analysis time {bf:_t}: {res}Age_death
{col 3}{txt}Enter on or after: {res}time baselineage
{col 9}{txt}ID variable: {res}n_eid

{txt}{col 10}{c |}{col 26}Incidence{col 40}Number of{col 52}{c LT}{hline 6} Survival time {hline 5}{c RT}
        {col 10}{c |} Time at risk{col 31}rate{col 41}subjects{col 57}25%{col 67}50%{col 77}75%
{hline 9}{c +}{hline 69}
   Total {c |} {res} 312,985.266   .0046456{col 40}    25700   81.75223         .         .
{txt}
{com}. stsum if sample_final==1 & sex==1

{col 10}{txt}Failure {bf:_d}: {res}died==1
{col 4}{txt}Analysis time {bf:_t}: {res}Age_death
{col 3}{txt}Enter on or after: {res}time baselineage
{col 9}{txt}ID variable: {res}n_eid

{txt}{col 10}{c |}{col 26}Incidence{col 40}Number of{col 52}{c LT}{hline 6} Survival time {hline 5}{c RT}
        {col 10}{c |} Time at risk{col 31}rate{col 41}subjects{col 57}25%{col 67}50%{col 77}75%
{hline 9}{c +}{hline 69}
   Total {c |} {res} 2,048,991.9   .0093456{col 40}   168191   80.39973         .         .
{txt}
{com}. stsum if sample_final==1 & sex==2

{col 10}{txt}Failure {bf:_d}: {res}died==1
{col 4}{txt}Analysis time {bf:_t}: {res}Age_death
{col 3}{txt}Enter on or after: {res}time baselineage
{col 9}{txt}ID variable: {res}n_eid

{txt}{col 10}{c |}{col 26}Incidence{col 40}Number of{col 52}{c LT}{hline 6} Survival time {hline 5}{c RT}
        {col 10}{c |} Time at risk{col 31}rate{col 41}subjects{col 57}25%{col 67}50%{col 77}75%
{hline 9}{c +}{hline 69}
   Total {c |} {res} 2,430,169.5   .0051996{col 40}   195472   84.10677         .         .
{txt}
{com}. 
. stptime if sample_final==1

{col 10}{txt}Failure {bf:_d}: {res}died==1
{col 4}{txt}Analysis time {bf:_t}: {res}Age_death
{col 3}{txt}Enter on or after: {res}time baselineage
{col 9}{txt}ID variable: {res}n_eid

{txt}Estimated person-time and incidence rate

    Cohort{col 12}{c |}{col 15}Person-time{col 29}Failures{col 45}Rate{col 52}[95% conf. interval]
{hline 11}{c +}{hline 59}
     Total{col 12}{c |}{col 16}{res} 4479161.4{col 29}   31785{col 39} .00709619{col 51} .0070186{col 63} .0071746
{txt}
{com}. stptime if sample_final==1  & RACE_ETHN==0

{col 10}{txt}Failure {bf:_d}: {res}died==1
{col 4}{txt}Analysis time {bf:_t}: {res}Age_death
{col 3}{txt}Enter on or after: {res}time baselineage
{col 9}{txt}ID variable: {res}n_eid

{txt}Estimated person-time and incidence rate

    Cohort{col 12}{c |}{col 15}Person-time{col 29}Failures{col 45}Rate{col 52}[95% conf. interval]
{hline 11}{c +}{hline 59}
     Total{col 12}{c |}{col 16}{res}   4292558{col 29}   30704{col 39} .00715284{col 51} .0070733{col 63} .0072333
{txt}
{com}. stptime if sample_final==1  & RACE_ETHN==1 | RACE_ETHN==2 | RACE_ETHN==3

{col 10}{txt}Failure {bf:_d}: {res}died==1
{col 4}{txt}Analysis time {bf:_t}: {res}Age_death
{col 3}{txt}Enter on or after: {res}time baselineage
{col 9}{txt}ID variable: {res}n_eid

{txt}Estimated person-time and incidence rate

    Cohort{col 12}{c |}{col 15}Person-time{col 29}Failures{col 45}Rate{col 52}[95% conf. interval]
{hline 11}{c +}{hline 59}
     Total{col 12}{c |}{col 16}{res} 312985.27{col 29}    1454{col 39} .00464559{col 51} .0044128{col 63} .0048906
{txt}
{com}. 
. stptime if sample_final==1 & sex==1

{col 10}{txt}Failure {bf:_d}: {res}died==1
{col 4}{txt}Analysis time {bf:_t}: {res}Age_death
{col 3}{txt}Enter on or after: {res}time baselineage
{col 9}{txt}ID variable: {res}n_eid

{txt}Estimated person-time and incidence rate

    Cohort{col 12}{c |}{col 15}Person-time{col 29}Failures{col 45}Rate{col 52}[95% conf. interval]
{hline 11}{c +}{hline 59}
     Total{col 12}{c |}{col 16}{res} 2048991.9{col 29}   19149{col 39} .00934557{col 51} .0092141{col 63} .0094789
{txt}
{com}. stptime if sample_final==1 & sex==2

{col 10}{txt}Failure {bf:_d}: {res}died==1
{col 4}{txt}Analysis time {bf:_t}: {res}Age_death
{col 3}{txt}Enter on or after: {res}time baselineage
{col 9}{txt}ID variable: {res}n_eid

{txt}Estimated person-time and incidence rate

    Cohort{col 12}{c |}{col 15}Person-time{col 29}Failures{col 45}Rate{col 52}[95% conf. interval]
{hline 11}{c +}{hline 59}
     Total{col 12}{c |}{col 16}{res} 2430169.5{col 29}   12636{col 39} .00519964{col 51} .0051098{col 63} .0052911
{txt}
{com}. 
. 
. 
. 
. 
. //STEP 18: DETERMINE DIFFERENCES IN FINAL ANALYTIC SAMPLE VS. EXCLUDED SAMPLE BY BASIC SOCIO-DEMOGRAPHICS//
. 
. logistic sample_final baselineage sex i.RACE_ETHN if baselineage>=50 & baselineage~=.
{res}
{txt}{col 1}Logistic regression{col 56}{lalign 13:Number of obs}{col 69} = {res}{ralign 7:364,446}
{txt}{col 56}{lalign 13:LR chi2({res:5})}{col 69} = {res}{ralign 7:298.67}
{txt}{col 56}{lalign 13:Prob > chi2}{col 69} = {res}{ralign 7:0.0000}
{txt}{col 1}{lalign 14:Log likelihood}{col 15} = {res}{ralign 10:-5442.7955}{txt}{col 56}{lalign 13:Pseudo R2}{col 69} = {res}{ralign 7:0.0267}

{txt}{hline 13}{c TT}{hline 11}{hline 11}{hline 9}{hline 8}{hline 13}{hline 12}
{col 1}sample_final{col 14}{c |} Odds ratio{col 26}   Std. err.{col 38}      z{col 46}   P>|z|{col 54}     [95% con{col 67}f. interval]
{hline 13}{c +}{hline 11}{hline 11}{hline 9}{hline 8}{hline 13}{hline 12}
{space 1}baselineage {c |}{col 14}{res}{space 2} .9052193{col 26}{space 2} .0066528{col 37}{space 1}  -13.55{col 46}{space 3}0.000{col 54}{space 4} .8922735{col 67}{space 3} .9183529
{txt}{space 9}sex {c |}{col 14}{res}{space 2} 1.906339{col 26}{space 2}  .141903{col 37}{space 1}    8.67{col 46}{space 3}0.000{col 54}{space 4} 1.647551{col 67}{space 3} 2.205776
{txt}{space 12} {c |}
{space 3}RACE_ETHN {c |}
{space 10}1  {c |}{col 14}{res}{space 2} 1.705106{col 26}{space 2} .8557052{col 37}{space 1}    1.06{col 46}{space 3}0.288{col 54}{space 4} .6376417{col 67}{space 3}  4.55959
{txt}{space 10}2  {c |}{col 14}{res}{space 2} .8145411{col 26}{space 2} .2202171{col 37}{space 1}   -0.76{col 46}{space 3}0.448{col 54}{space 4} .4794954{col 67}{space 3} 1.383699
{txt}{space 10}3  {c |}{col 14}{res}{space 2}  1.10134{col 26}{space 2} .3511532{col 37}{space 1}    0.30{col 46}{space 3}0.762{col 54}{space 4} .5895527{col 67}{space 3} 2.057406
{txt}{space 12} {c |}
{space 7}_cons {c |}{col 14}{res}{space 2} 86196.02{col 26}{space 2} 41579.44{col 37}{space 1}   23.56{col 46}{space 3}0.000{col 54}{space 4} 33487.49{col 67}{space 3} 221866.5
{txt}{hline 13}{c BT}{hline 11}{hline 11}{hline 9}{hline 8}{hline 13}{hline 12}
{p 0 6 2}Note: {bf:_cons} estimates baseline odds{txt}.{p_end}

{com}. 
. 
. save, replace
{txt}{p 0 4 2}
file {bf}
E:\16GBBACKUPUSB\BACKUP_USB_SEPTEMBER2014\May Baydoun_folder\UK_BIOBANK_PROJECT\UKB_PAPER9B_TDIPDDEMMORT\DATA\UKB_PAPER9B_TDIPDDEMMORT.dta{rm}
saved
{p_end}

{com}. 
. 
. //STEP 19: CREATE LE8 TOTAL SCORE TERTILES////
. 
. ***********************LE8 TOTAL SCORE TERTILES*********************
. 
. use "E:\16GBBACKUPUSB\BACKUP_USB_SEPTEMBER2014\May Baydoun_folder\UK_BIOBANK_PROJECT\UKB_PAPER9B_TDIPDDEMMORT\DATA\UKB_PAPER9B_TDIPDDEMMORT",clear
{txt}
{com}. 
. capture drop LE8_TOTALSCOREtert
{txt}
{com}. xtile LE8_TOTALSCOREtert=LE8_TOTALSCORE if sample_final==1, nq(3)
{txt}
{com}. 
. 
. 
. save, replace
{txt}{p 0 4 2}
file {bf}
E:\16GBBACKUPUSB\BACKUP_USB_SEPTEMBER2014\May Baydoun_folder\UK_BIOBANK_PROJECT\UKB_PAPER9B_TDIPDDEMMORT\DATA\UKB_PAPER9B_TDIPDDEMMORT.dta{rm}
saved
{p_end}

{com}. 
. 
. capture log close
{smcl}
{com}{sf}{ul off}