{smcl}
{com}{sf}{ul off}{txt}
{com}. 
. use "E:\16GBBACKUPUSB\BACKUP_USB_SEPTEMBER2014\May Baydoun_folder\UK_BIOBANK_PROJECT\UKB_PAPER9B_TDIPDDEMMORT\DATA\finaldata_unimputedfin",clear
{txt}
{com}. 
. sort n_eid
{txt}
{com}. capture drop _merge
{txt}
{com}. save, replace
{txt}{p 0 4 2}
file {bf}
E:\16GBBACKUPUSB\BACKUP_USB_SEPTEMBER2014\May Baydoun_folder\UK_BIOBANK_PROJECT\UKB_PAPER9B_TDIPDDEMMORT\DATA\finaldata_unimputedfin.dta{rm}
saved
{p_end}

{com}. 
. 
. use "E:\16GBBACKUPUSB\BACKUP_USB_SEPTEMBER2014\May Baydoun_folder\UK_BIOBANK_PROJECT\UKB_PAPER9B_TDIPDDEMMORT\DATA\Towsend_Dep_Indexnew",clear
{txt}
{com}. sort n_eid
{txt}
{com}. capture drop _merge
{txt}
{com}. save, replace
{txt}{p 0 4 2}
file {bf}
E:\16GBBACKUPUSB\BACKUP_USB_SEPTEMBER2014\May Baydoun_folder\UK_BIOBANK_PROJECT\UKB_PAPER9B_TDIPDDEMMORT\DATA\Towsend_Dep_Indexnew.dta{rm}
saved
{p_end}

{com}. 
. merge n_eid using "E:\16GBBACKUPUSB\BACKUP_USB_SEPTEMBER2014\May Baydoun_folder\UK_BIOBANK_PROJECT\UKB_PAPER9B_TDIPDDEMMORT\DATA\finaldata_unimputedfin"
{txt}{p}
(you are using old
{bf:merge} syntax; see
{bf:{help merge:[D] merge}} for new syntax)
{p_end}

{com}. save "E:\16GBBACKUPUSB\BACKUP_USB_SEPTEMBER2014\May Baydoun_folder\UK_BIOBANK_PROJECT\UKB_PAPER9B_TDIPDDEMMORT\DATA\finaldata_unimputedfin",replace
{txt}{p 0 4 2}
file {bf}
E:\16GBBACKUPUSB\BACKUP_USB_SEPTEMBER2014\May Baydoun_folder\UK_BIOBANK_PROJECT\UKB_PAPER9B_TDIPDDEMMORT\DATA\finaldata_unimputedfin.dta{rm}
saved
{p_end}

{com}. 
{txt}end of do-file

{com}. do "C:\Users\baydounm\AppData\Local\Temp\STD33d8_000000.tmp"
{txt}
{com}. 
. capture drop ztownsendnew
{txt}
{com}. egen ztownsendnew=std(townsendnew) if sample_final==1
{txt}(138,606 missing values generated)

{com}. 
{txt}end of do-file

{com}. corr ztownsendnew ztownsend
{txt}(obs=363,663)

             {c |} ztowns~w ztowns~d
{hline 13}{c +}{hline 18}
ztownsendnew {c |}{res}   1.0000
   {txt}ztownsend {c |}{res}   1.0000   1.0000


{com}. scatter ztownsendnew ztownsend
{res}
{com}. save "E:\16GBBACKUPUSB\BACKUP_USB_SEPTEMBER2014\May Baydoun_folder\UK_BIOBANK_PROJECT\UKB_PAPER9B_TDIPDDEMMORT\DATA\finaldata_unimputedfin.dta", replace
{txt}{p 0 4 2}
file {bf}
E:\16GBBACKUPUSB\BACKUP_USB_SEPTEMBER2014\May Baydoun_folder\UK_BIOBANK_PROJECT\UKB_PAPER9B_TDIPDDEMMORT\DATA\finaldata_unimputedfin.dta{rm}
saved
{p_end}

{com}. corr SES SESres
{txt}(obs=363,663)

             {c |}      SES   SESres
{hline 13}{c +}{hline 18}
         SES {c |}{res}   1.0000
      {txt}SESres {c |}{res}   0.7802   1.0000


{com}. reg townsend SES SESrs
{err}variable {bf}SESrs{sf} not found
{txt}{search r(111), local:r(111);}

{com}. reg townsend SES SESres

{txt}      Source {c |}       SS           df       MS      Number of obs   ={res}   363,663
{txt}{hline 13}{c +}{hline 34}   F(2, 363660)    = {res}        .
{txt}       Model {c |} {res} 3224066.71         2  1612033.36   {txt}Prob > F        ={res}         .
{txt}    Residual {c |} {res}          0   363,660           0   {txt}R-squared       ={res}    1.0000
{txt}{hline 13}{c +}{hline 34}   Adj R-squared   ={res}    1.0000
{txt}       Total {c |} {res} 3224066.71   363,662  8.86555844   {txt}Root MSE        =   {res}      0

{txt}{hline 13}{c TT}{hline 11}{hline 11}{hline 9}{hline 8}{hline 13}{hline 12}
{col 1}    townsend{col 14}{c |} Coefficient{col 26}  Std. err.{col 38}      t{col 46}   P>|t|{col 54}     [95% con{col 67}f. interval]
{hline 13}{c +}{hline 11}{hline 11}{hline 9}{hline 8}{hline 13}{hline 12}
{space 9}SES {c |}{col 14}{res}{space 2}-6.810753{col 26}{space 2}        .{col 37}{space 1}       .{col 46}{space 3}    .{col 54}{space 4}        .{col 67}{space 3}        .
{txt}{space 6}SESres {c |}{col 14}{res}{space 2} 6.810753{col 26}{space 2}        .{col 37}{space 1}       .{col 46}{space 3}    .{col 54}{space 4}        .{col 67}{space 3}        .
{txt}{space 7}_cons {c |}{col 14}{res}{space 2}-1.839034{col 26}{space 2}        .{col 37}{space 1}       .{col 46}{space 3}    .{col 54}{space 4}        .{col 67}{space 3}        .
{txt}{hline 13}{c BT}{hline 11}{hline 11}{hline 9}{hline 8}{hline 13}{hline 12}
{res}
{com}. reg SES SESres

{txt}      Source {c |}       SS           df       MS      Number of obs   ={res}   363,663
{txt}{hline 13}{c +}{hline 34}   F(1, 363661)    > {res} 99999.00
{txt}       Model {c |} {res} 108100.891         1  108100.891   {txt}Prob > F        ={res}    0.0000
{txt}    Residual {c |} {res} 69504.6296   363,661  .191124783   {txt}R-squared       ={res}    0.6087
{txt}{hline 13}{c +}{hline 34}   Adj R-squared   ={res}    0.6087
{txt}       Total {c |} {res} 177605.521   363,662  .488380751   {txt}Root MSE        =   {res} .43718

{txt}{hline 13}{c TT}{hline 11}{hline 11}{hline 9}{hline 8}{hline 13}{hline 12}
{col 1}         SES{col 14}{c |} Coefficient{col 26}  Std. err.{col 38}      t{col 46}   P>|t|{col 54}     [95% con{col 67}f. interval]
{hline 13}{c +}{hline 11}{hline 11}{hline 9}{hline 8}{hline 13}{hline 12}
{space 6}SESres {c |}{col 14}{res}{space 2}        1{col 26}{space 2} .0013297{col 37}{space 1}  752.07{col 46}{space 3}0.000{col 54}{space 4} .9973939{col 67}{space 3} 1.002606
{txt}{space 7}_cons {c |}{col 14}{res}{space 2}  -.04982{col 26}{space 2}  .000725{col 37}{space 1}  -68.72{col 46}{space 3}0.000{col 54}{space 4}-.0512408{col 67}{space 3}-.0483991
{txt}{hline 13}{c BT}{hline 11}{hline 11}{hline 9}{hline 8}{hline 13}{hline 12}
{res}
{com}. do "C:\Users\baydounm\AppData\Local\Temp\STD33d8_000000.tmp"
{txt}
{com}. capture log close
{smcl}
{com}{sf}{ul off}